[rank4]:[E203 03:19:52.286946315 ProcessGroupNCCL.cpp:683] [Rank 4] Watchdog caught collective operation timeout: WorkNCCL(SeqNum=3, OpType=ALLREDUCE, NumelIn=1, NumelOut=1, Timeout(ms)=600000) ran for 600057 milliseconds before timing out.
[rank0]:[E203 03:19:52.035418243 ProcessGroupNCCL.cpp:683] [Rank 0] Watchdog caught collective operation timeout: WorkNCCL(SeqNum=3, OpType=ALLREDUCE, NumelIn=1, NumelOut=1, Timeout(ms)=600000) ran for 600068 milliseconds before timing out.
[rank4]:[E203 03:19:52.343985389 ProcessGroupNCCL.cpp:2241] [PG ID 0 PG GUID 0(default_pg) Rank 4]  failure detected by watchdog at work sequence id: 3 PG status: last enqueued work: 3, last completed work: 2
[rank4]:[E203 03:19:52.344009037 ProcessGroupNCCL.cpp:730] Stack trace of the failed collective not found, potentially because FlightRecorder is disabled. You can enable it by setting TORCH_NCCL_TRACE_BUFFER_SIZE to a non-zero value.
[rank4]:[E203 03:19:52.344042731 ProcessGroupNCCL.cpp:2573] [PG ID 0 PG GUID 0(default_pg) Rank 4] First PG on this rank to signal dumping.
[rank0]:[E203 03:19:52.081226048 ProcessGroupNCCL.cpp:2241] [PG ID 0 PG GUID 0(default_pg) Rank 0]  failure detected by watchdog at work sequence id: 3 PG status: last enqueued work: 3, last completed work: 2
[rank0]:[E203 03:19:52.081242528 ProcessGroupNCCL.cpp:730] Stack trace of the failed collective not found, potentially because FlightRecorder is disabled. You can enable it by setting TORCH_NCCL_TRACE_BUFFER_SIZE to a non-zero value.
[rank0]:[E203 03:19:52.081278879 ProcessGroupNCCL.cpp:2573] [PG ID 0 PG GUID 0(default_pg) Rank 0] First PG on this rank to signal dumping.
[rank0]:[E203 03:19:53.817221647 ProcessGroupNCCL.cpp:1858] [PG ID 0 PG GUID 0(default_pg) Rank 0] Received a dump signal due to a collective timeout from this local rank and we will try our best to dump the debug info. Last enqueued NCCL work: 3, last completed NCCL work: 2.This is most likely caused by incorrect usages of collectives, e.g., wrong sizes used across ranks, the order of collectives is not same for all ranks or the scheduled collective, for some reason, didn't run. Additionally, this can be caused by GIL deadlock or other reasons such as network errors or bugs in the communications library (e.g. NCCL), etc.
[rank4]:[E203 03:19:53.088216207 ProcessGroupNCCL.cpp:1858] [PG ID 0 PG GUID 0(default_pg) Rank 4] Received a dump signal due to a collective timeout from this local rank and we will try our best to dump the debug info. Last enqueued NCCL work: 3, last completed NCCL work: 2.This is most likely caused by incorrect usages of collectives, e.g., wrong sizes used across ranks, the order of collectives is not same for all ranks or the scheduled collective, for some reason, didn't run. Additionally, this can be caused by GIL deadlock or other reasons such as network errors or bugs in the communications library (e.g. NCCL), etc.
[rank0]:[E203 03:19:53.830732032 ProcessGroupNCCL.cpp:1575] [PG ID 0 PG GUID 0(default_pg) Rank 0] ProcessGroupNCCL preparing to dump debug info. Include stack trace: 1
[rank4]:[E203 03:19:53.093928805 ProcessGroupNCCL.cpp:1575] [PG ID 0 PG GUID 0(default_pg) Rank 4] ProcessGroupNCCL preparing to dump debug info. Include stack trace: 1
[rank2]:[E203 03:19:53.872861499 ProcessGroupNCCL.cpp:1794] [PG ID 0 PG GUID 0(default_pg) Rank 2] Observed flight recorder dump signal from another rank via TCPStore.
[rank2]:[E203 03:19:53.872997943 ProcessGroupNCCL.cpp:1858] [PG ID 0 PG GUID 0(default_pg) Rank 2] Received a dump signal due to a collective timeout from  rank 0 and we will try our best to dump the debug info. Last enqueued NCCL work: 3, last completed NCCL work: 2.This is most likely caused by incorrect usages of collectives, e.g., wrong sizes used across ranks, the order of collectives is not same for all ranks or the scheduled collective, for some reason, didn't run. Additionally, this can be caused by GIL deadlock or other reasons such as network errors or bugs in the communications library (e.g. NCCL), etc.
[rank2]:[E203 03:19:53.873114643 ProcessGroupNCCL.cpp:1575] [PG ID 0 PG GUID 0(default_pg) Rank 2] ProcessGroupNCCL preparing to dump debug info. Include stack trace: 1
[rank1]:[E203 03:19:53.887498790 ProcessGroupNCCL.cpp:1794] [PG ID 0 PG GUID 0(default_pg) Rank 1] Observed flight recorder dump signal from another rank via TCPStore.
[rank1]:[E203 03:19:53.887641409 ProcessGroupNCCL.cpp:1858] [PG ID 0 PG GUID 0(default_pg) Rank 1] Received a dump signal due to a collective timeout from  rank 0 and we will try our best to dump the debug info. Last enqueued NCCL work: 3, last completed NCCL work: 2.This is most likely caused by incorrect usages of collectives, e.g., wrong sizes used across ranks, the order of collectives is not same for all ranks or the scheduled collective, for some reason, didn't run. Additionally, this can be caused by GIL deadlock or other reasons such as network errors or bugs in the communications library (e.g. NCCL), etc.
[rank1]:[E203 03:19:53.887786236 ProcessGroupNCCL.cpp:1575] [PG ID 0 PG GUID 0(default_pg) Rank 1] ProcessGroupNCCL preparing to dump debug info. Include stack trace: 1
[rank7]:[E203 03:19:53.171427957 ProcessGroupNCCL.cpp:1794] [PG ID 0 PG GUID 0(default_pg) Rank 7] Observed flight recorder dump signal from another rank via TCPStore.
[rank7]:[E203 03:19:53.171618447 ProcessGroupNCCL.cpp:1858] [PG ID 0 PG GUID 0(default_pg) Rank 7] Received a dump signal due to a collective timeout from  rank 0 and we will try our best to dump the debug info. Last enqueued NCCL work: 3, last completed NCCL work: 2.This is most likely caused by incorrect usages of collectives, e.g., wrong sizes used across ranks, the order of collectives is not same for all ranks or the scheduled collective, for some reason, didn't run. Additionally, this can be caused by GIL deadlock or other reasons such as network errors or bugs in the communications library (e.g. NCCL), etc.
[rank7]:[E203 03:19:53.171747786 ProcessGroupNCCL.cpp:1575] [PG ID 0 PG GUID 0(default_pg) Rank 7] ProcessGroupNCCL preparing to dump debug info. Include stack trace: 1
[rank6]:[E203 03:19:53.174608741 ProcessGroupNCCL.cpp:1794] [PG ID 0 PG GUID 0(default_pg) Rank 6] Observed flight recorder dump signal from another rank via TCPStore.
[rank6]:[E203 03:19:53.174852956 ProcessGroupNCCL.cpp:1858] [PG ID 0 PG GUID 0(default_pg) Rank 6] Received a dump signal due to a collective timeout from  rank 0 and we will try our best to dump the debug info. Last enqueued NCCL work: 3, last completed NCCL work: 2.This is most likely caused by incorrect usages of collectives, e.g., wrong sizes used across ranks, the order of collectives is not same for all ranks or the scheduled collective, for some reason, didn't run. Additionally, this can be caused by GIL deadlock or other reasons such as network errors or bugs in the communications library (e.g. NCCL), etc.
[rank6]:[E203 03:19:53.174977368 ProcessGroupNCCL.cpp:1575] [PG ID 0 PG GUID 0(default_pg) Rank 6] ProcessGroupNCCL preparing to dump debug info. Include stack trace: 1
[rank5]:[E203 03:19:53.178048588 ProcessGroupNCCL.cpp:1794] [PG ID 0 PG GUID 0(default_pg) Rank 5] Observed flight recorder dump signal from another rank via TCPStore.
[rank5]:[E203 03:19:53.178293923 ProcessGroupNCCL.cpp:1858] [PG ID 0 PG GUID 0(default_pg) Rank 5] Received a dump signal due to a collective timeout from  rank 0 and we will try our best to dump the debug info. Last enqueued NCCL work: 3, last completed NCCL work: 2.This is most likely caused by incorrect usages of collectives, e.g., wrong sizes used across ranks, the order of collectives is not same for all ranks or the scheduled collective, for some reason, didn't run. Additionally, this can be caused by GIL deadlock or other reasons such as network errors or bugs in the communications library (e.g. NCCL), etc.
[rank5]:[E203 03:19:53.178419711 ProcessGroupNCCL.cpp:1575] [PG ID 0 PG GUID 0(default_pg) Rank 5] ProcessGroupNCCL preparing to dump debug info. Include stack trace: 1
[rank1]:[E203 03:19:57.748593356 ProcessGroupNCCL.cpp:683] [Rank 1] Watchdog caught collective operation timeout: WorkNCCL(SeqNum=3, OpType=ALLREDUCE, NumelIn=1, NumelOut=1, Timeout(ms)=600000) ran for 600049 milliseconds before timing out.
[rank1]:[E203 03:19:57.748814629 ProcessGroupNCCL.cpp:2241] [PG ID 0 PG GUID 0(default_pg) Rank 1]  failure detected by watchdog at work sequence id: 3 PG status: last enqueued work: 3, last completed work: 2
[rank1]:[E203 03:19:57.748826340 ProcessGroupNCCL.cpp:730] Stack trace of the failed collective not found, potentially because FlightRecorder is disabled. You can enable it by setting TORCH_NCCL_TRACE_BUFFER_SIZE to a non-zero value.
[rank2]:[E203 03:19:57.845358679 ProcessGroupNCCL.cpp:683] [Rank 2] Watchdog caught collective operation timeout: WorkNCCL(SeqNum=3, OpType=ALLREDUCE, NumelIn=1, NumelOut=1, Timeout(ms)=600000) ran for 600058 milliseconds before timing out.
[rank2]:[E203 03:19:57.845585167 ProcessGroupNCCL.cpp:2241] [PG ID 0 PG GUID 0(default_pg) Rank 2]  failure detected by watchdog at work sequence id: 3 PG status: last enqueued work: 3, last completed work: 2
[rank2]:[E203 03:19:57.845596079 ProcessGroupNCCL.cpp:730] Stack trace of the failed collective not found, potentially because FlightRecorder is disabled. You can enable it by setting TORCH_NCCL_TRACE_BUFFER_SIZE to a non-zero value.
[rank7]:[E203 03:19:57.298093810 ProcessGroupNCCL.cpp:683] [Rank 7] Watchdog caught collective operation timeout: WorkNCCL(SeqNum=3, OpType=ALLREDUCE, NumelIn=1, NumelOut=1, Timeout(ms)=600000) ran for 600010 milliseconds before timing out.
[rank7]:[E203 03:19:57.298315978 ProcessGroupNCCL.cpp:2241] [PG ID 0 PG GUID 0(default_pg) Rank 7]  failure detected by watchdog at work sequence id: 3 PG status: last enqueued work: 3, last completed work: 2
[rank7]:[E203 03:19:57.298324778 ProcessGroupNCCL.cpp:730] Stack trace of the failed collective not found, potentially because FlightRecorder is disabled. You can enable it by setting TORCH_NCCL_TRACE_BUFFER_SIZE to a non-zero value.
[rank6]:[E203 03:19:57.316425642 ProcessGroupNCCL.cpp:683] [Rank 6] Watchdog caught collective operation timeout: WorkNCCL(SeqNum=3, OpType=ALLREDUCE, NumelIn=1, NumelOut=1, Timeout(ms)=600000) ran for 600085 milliseconds before timing out.
[rank6]:[E203 03:19:57.316631747 ProcessGroupNCCL.cpp:2241] [PG ID 0 PG GUID 0(default_pg) Rank 6]  failure detected by watchdog at work sequence id: 3 PG status: last enqueued work: 3, last completed work: 2
[rank6]:[E203 03:19:57.316640963 ProcessGroupNCCL.cpp:730] Stack trace of the failed collective not found, potentially because FlightRecorder is disabled. You can enable it by setting TORCH_NCCL_TRACE_BUFFER_SIZE to a non-zero value.
[rank5]:[E203 03:19:57.402209174 ProcessGroupNCCL.cpp:683] [Rank 5] Watchdog caught collective operation timeout: WorkNCCL(SeqNum=3, OpType=ALLREDUCE, NumelIn=1, NumelOut=1, Timeout(ms)=600000) ran for 600090 milliseconds before timing out.
[rank5]:[E203 03:19:57.402422543 ProcessGroupNCCL.cpp:2241] [PG ID 0 PG GUID 0(default_pg) Rank 5]  failure detected by watchdog at work sequence id: 3 PG status: last enqueued work: 3, last completed work: 2
[rank5]:[E203 03:19:57.402432782 ProcessGroupNCCL.cpp:730] Stack trace of the failed collective not found, potentially because FlightRecorder is disabled. You can enable it by setting TORCH_NCCL_TRACE_BUFFER_SIZE to a non-zero value.
[rank4]:[E203 03:20:52.344110666 ProcessGroupNCCL.cpp:744] [Rank 4] Some NCCL operations have failed or timed out. Due to the asynchronous nature of CUDA kernels, subsequent GPU operations might run on corrupted/incomplete data.
[rank4]:[E203 03:20:52.344118634 ProcessGroupNCCL.cpp:758] [Rank 4] To avoid data inconsistency, we are taking the entire process down.
[rank0]:[E203 03:20:52.081345935 ProcessGroupNCCL.cpp:744] [Rank 0] Some NCCL operations have failed or timed out. Due to the asynchronous nature of CUDA kernels, subsequent GPU operations might run on corrupted/incomplete data.
[rank0]:[E203 03:20:52.081358063 ProcessGroupNCCL.cpp:758] [Rank 0] To avoid data inconsistency, we are taking the entire process down.
[rank4]:[E203 03:20:52.345621685 ProcessGroupNCCL.cpp:2057] [PG ID 0 PG GUID 0(default_pg) Rank 4] Process group watchdog thread terminated with exception: [Rank 4] Watchdog caught collective operation timeout: WorkNCCL(SeqNum=3, OpType=ALLREDUCE, NumelIn=1, NumelOut=1, Timeout(ms)=600000) ran for 600057 milliseconds before timing out.
Exception raised from checkTimeout at /pytorch/torch/csrc/distributed/c10d/ProcessGroupNCCL.cpp:686 (most recent call first):
frame #0: c10::Error::Error(c10::SourceLocation, std::__cxx11::basic_string<char, std::char_traits<char>, std::allocator<char> >) + 0xb0 (0xffff030ac700 in /lus/scratch/arigazzi/.pyenv/versions/llm4climate/lib/python3.12/site-packages/torch/lib/libc10.so)
frame #1: c10d::ProcessGroupNCCL::WorkNCCL::checkTimeout(std::optional<std::chrono::duration<long, std::ratio<1l, 1000l> > >) + 0x1f0 (0xffff044d12a0 in /lus/scratch/arigazzi/.pyenv/versions/llm4climate/lib/python3.12/site-packages/torch/lib/libtorch_cuda.so)
frame #2: c10d::ProcessGroupNCCL::Watchdog::runLoop() + 0xea4 (0xffff044d8724 in /lus/scratch/arigazzi/.pyenv/versions/llm4climate/lib/python3.12/site-packages/torch/lib/libtorch_cuda.so)
frame #3: c10d::ProcessGroupNCCL::Watchdog::run() + 0xc8 (0xffff044d99a8 in /lus/scratch/arigazzi/.pyenv/versions/llm4climate/lib/python3.12/site-packages/torch/lib/libtorch_cuda.so)
frame #4: <unknown function> + 0xe095c (0xffff26d9095c in /usr/lib64/libstdc++.so.6)
frame #5: <unknown function> + 0x86db0 (0xffff2b876db0 in /lib64/libc.so.6)
frame #6: <unknown function> + 0xf278c (0xffff2b8e278c in /lib64/libc.so.6)

terminate called after throwing an instance of 'c10::DistBackendError'
[rank0]:[E203 03:20:52.082866106 ProcessGroupNCCL.cpp:2057] [PG ID 0 PG GUID 0(default_pg) Rank 0] Process group watchdog thread terminated with exception: [Rank 0] Watchdog caught collective operation timeout: WorkNCCL(SeqNum=3, OpType=ALLREDUCE, NumelIn=1, NumelOut=1, Timeout(ms)=600000) ran for 600068 milliseconds before timing out.
Exception raised from checkTimeout at /pytorch/torch/csrc/distributed/c10d/ProcessGroupNCCL.cpp:686 (most recent call first):
frame #0: c10::Error::Error(c10::SourceLocation, std::__cxx11::basic_string<char, std::char_traits<char>, std::allocator<char> >) + 0xb0 (0xfffef6b0c700 in /lus/scratch/arigazzi/.pyenv/versions/llm4climate/lib/python3.12/site-packages/torch/lib/libc10.so)
frame #1: c10d::ProcessGroupNCCL::WorkNCCL::checkTimeout(std::optional<std::chrono::duration<long, std::ratio<1l, 1000l> > >) + 0x1f0 (0xfffef7f312a0 in /lus/scratch/arigazzi/.pyenv/versions/llm4climate/lib/python3.12/site-packages/torch/lib/libtorch_cuda.so)
frame #2: c10d::ProcessGroupNCCL::Watchdog::runLoop() + 0xea4 (0xfffef7f38724 in /lus/scratch/arigazzi/.pyenv/versions/llm4climate/lib/python3.12/site-packages/torch/lib/libtorch_cuda.so)
frame #3: c10d::ProcessGroupNCCL::Watchdog::run() + 0xc8 (0xfffef7f399a8 in /lus/scratch/arigazzi/.pyenv/versions/llm4climate/lib/python3.12/site-packages/torch/lib/libtorch_cuda.so)
frame #4: <unknown function> + 0xe095c (0xffff1a7f095c in /usr/lib64/libstdc++.so.6)
frame #5: <unknown function> + 0x86db0 (0xffff1f2d6db0 in /lib64/libc.so.6)
frame #6: <unknown function> + 0xf278c (0xffff1f34278c in /lib64/libc.so.6)

terminate called after throwing an instance of 'c10::DistBackendError'
  what():  [PG ID 0 PG GUID 0(default_pg) Rank 4] Process group watchdog thread terminated with exception: [Rank 4] Watchdog caught collective operation timeout: WorkNCCL(SeqNum=3, OpType=ALLREDUCE, NumelIn=1, NumelOut=1, Timeout(ms)=600000) ran for 600057 milliseconds before timing out.
Exception raised from checkTimeout at /pytorch/torch/csrc/distributed/c10d/ProcessGroupNCCL.cpp:686 (most recent call first):
frame #0: c10::Error::Error(c10::SourceLocation, std::__cxx11::basic_string<char, std::char_traits<char>, std::allocator<char> >) + 0xb0 (0xffff030ac700 in /lus/scratch/arigazzi/.pyenv/versions/llm4climate/lib/python3.12/site-packages/torch/lib/libc10.so)
frame #1: c10d::ProcessGroupNCCL::WorkNCCL::checkTimeout(std::optional<std::chrono::duration<long, std::ratio<1l, 1000l> > >) + 0x1f0 (0xffff044d12a0 in /lus/scratch/arigazzi/.pyenv/versions/llm4climate/lib/python3.12/site-packages/torch/lib/libtorch_cuda.so)
frame #2: c10d::ProcessGroupNCCL::Watchdog::runLoop() + 0xea4 (0xffff044d8724 in /lus/scratch/arigazzi/.pyenv/versions/llm4climate/lib/python3.12/site-packages/torch/lib/libtorch_cuda.so)
frame #3: c10d::ProcessGroupNCCL::Watchdog::run() + 0xc8 (0xffff044d99a8 in /lus/scratch/arigazzi/.pyenv/versions/llm4climate/lib/python3.12/site-packages/torch/lib/libtorch_cuda.so)
frame #4: <unknown function> + 0xe095c (0xffff26d9095c in /usr/lib64/libstdc++.so.6)
frame #5: <unknown function> + 0x86db0 (0xffff2b876db0 in /lib64/libc.so.6)
frame #6: <unknown function> + 0xf278c (0xffff2b8e278c in /lib64/libc.so.6)

Exception raised from run at /pytorch/torch/csrc/distributed/c10d/ProcessGroupNCCL.cpp:2063 (most recent call first):
frame #0: c10::Error::Error(c10::SourceLocation, std::__cxx11::basic_string<char, std::char_traits<char>, std::allocator<char> >) + 0xb0 (0xffff030ac700 in /lus/scratch/arigazzi/.pyenv/versions/llm4climate/lib/python3.12/site-packages/torch/lib/libc10.so)
frame #1: <unknown function> + 0x1673130 (0xffff04493130 in /lus/scratch/arigazzi/.pyenv/versions/llm4climate/lib/python3.12/site-packages/torch/lib/libtorch_cuda.so)
frame #2: c10d::ProcessGroupNCCL::Watchdog::run() + 0x474 (0xffff044d9d54 in /lus/scratch/arigazzi/.pyenv/versions/llm4climate/lib/python3.12/site-packages/torch/lib/libtorch_cuda.so)
frame #3: <unknown function> + 0xe095c (0xffff26d9095c in /usr/lib64/libstdc++.so.6)
frame #4: <unknown function> + 0x86db0 (0xffff2b876db0 in /lib64/libc.so.6)
frame #5: <unknown function> + 0xf278c (0xffff2b8e278c in /lib64/libc.so.6)

  what():  [PG ID 0 PG GUID 0(default_pg) Rank 0] Process group watchdog thread terminated with exception: [Rank 0] Watchdog caught collective operation timeout: WorkNCCL(SeqNum=3, OpType=ALLREDUCE, NumelIn=1, NumelOut=1, Timeout(ms)=600000) ran for 600068 milliseconds before timing out.
Exception raised from checkTimeout at /pytorch/torch/csrc/distributed/c10d/ProcessGroupNCCL.cpp:686 (most recent call first):
frame #0: c10::Error::Error(c10::SourceLocation, std::__cxx11::basic_string<char, std::char_traits<char>, std::allocator<char> >) + 0xb0 (0xfffef6b0c700 in /lus/scratch/arigazzi/.pyenv/versions/llm4climate/lib/python3.12/site-packages/torch/lib/libc10.so)
frame #1: c10d::ProcessGroupNCCL::WorkNCCL::checkTimeout(std::optional<std::chrono::duration<long, std::ratio<1l, 1000l> > >) + 0x1f0 (0xfffef7f312a0 in /lus/scratch/arigazzi/.pyenv/versions/llm4climate/lib/python3.12/site-packages/torch/lib/libtorch_cuda.so)
frame #2: c10d::ProcessGroupNCCL::Watchdog::runLoop() + 0xea4 (0xfffef7f38724 in /lus/scratch/arigazzi/.pyenv/versions/llm4climate/lib/python3.12/site-packages/torch/lib/libtorch_cuda.so)
frame #3: c10d::ProcessGroupNCCL::Watchdog::run() + 0xc8 (0xfffef7f399a8 in /lus/scratch/arigazzi/.pyenv/versions/llm4climate/lib/python3.12/site-packages/torch/lib/libtorch_cuda.so)
frame #4: <unknown function> + 0xe095c (0xffff1a7f095c in /usr/lib64/libstdc++.so.6)
frame #5: <unknown function> + 0x86db0 (0xffff1f2d6db0 in /lib64/libc.so.6)
frame #6: <unknown function> + 0xf278c (0xffff1f34278c in /lib64/libc.so.6)

Exception raised from run at /pytorch/torch/csrc/distributed/c10d/ProcessGroupNCCL.cpp:2063 (most recent call first):
frame #0: c10::Error::Error(c10::SourceLocation, std::__cxx11::basic_string<char, std::char_traits<char>, std::allocator<char> >) + 0xb0 (0xfffef6b0c700 in /lus/scratch/arigazzi/.pyenv/versions/llm4climate/lib/python3.12/site-packages/torch/lib/libc10.so)
frame #1: <unknown function> + 0x1673130 (0xfffef7ef3130 in /lus/scratch/arigazzi/.pyenv/versions/llm4climate/lib/python3.12/site-packages/torch/lib/libtorch_cuda.so)
frame #2: c10d::ProcessGroupNCCL::Watchdog::run() + 0x474 (0xfffef7f39d54 in /lus/scratch/arigazzi/.pyenv/versions/llm4climate/lib/python3.12/site-packages/torch/lib/libtorch_cuda.so)
frame #3: <unknown function> + 0xe095c (0xffff1a7f095c in /usr/lib64/libstdc++.so.6)
frame #4: <unknown function> + 0x86db0 (0xffff1f2d6db0 in /lib64/libc.so.6)
frame #5: <unknown function> + 0xf278c (0xffff1f34278c in /lib64/libc.so.6)

/usr/bin/bash: line 25: 405227 Aborted                 python -u -m multimodal_aifs.training.train_pipeline --stage rl --model-name "mistralai/Ministral-3-8B-Instruct-2512" --zarr-paths "/lus/scratch/arigazzi/HPE-LLM4Climate/data/real_ecmwf_latest.zarr" --checkpoint-dir "/lus/scratch/arigazzi/HPE-LLM4Climate/checkpoints/rl_training_30149" --output-dir "/lus/scratch/arigazzi/HPE-LLM4Climate/outputs/rl_model_30149" --rl-epochs "3" --batch-size "4" --learning-rate "1e-5" --seed "42" --device cuda
srun: error: blancapeak002: task 4: Exited with exit code 134
/usr/bin/bash: line 25: 2207596 Aborted                 (core dumped) python -u -m multimodal_aifs.training.train_pipeline --stage rl --model-name "mistralai/Ministral-3-8B-Instruct-2512" --zarr-paths "/lus/scratch/arigazzi/HPE-LLM4Climate/data/real_ecmwf_latest.zarr" --checkpoint-dir "/lus/scratch/arigazzi/HPE-LLM4Climate/checkpoints/rl_training_30149" --output-dir "/lus/scratch/arigazzi/HPE-LLM4Climate/outputs/rl_model_30149" --rl-epochs "3" --batch-size "4" --learning-rate "1e-5" --seed "42" --device cuda
srun: error: blancapeak001: task 0: Exited with exit code 134
[rank1]:[E203 03:20:57.748916552 ProcessGroupNCCL.cpp:744] [Rank 1] Some NCCL operations have failed or timed out. Due to the asynchronous nature of CUDA kernels, subsequent GPU operations might run on corrupted/incomplete data.
[rank1]:[E203 03:20:57.748935783 ProcessGroupNCCL.cpp:758] [Rank 1] To avoid data inconsistency, we are taking the entire process down.
[rank1]:[E203 03:20:57.749844328 ProcessGroupNCCL.cpp:2057] [PG ID 0 PG GUID 0(default_pg) Rank 1] Process group watchdog thread terminated with exception: [Rank 1] Watchdog caught collective operation timeout: WorkNCCL(SeqNum=3, OpType=ALLREDUCE, NumelIn=1, NumelOut=1, Timeout(ms)=600000) ran for 600049 milliseconds before timing out.
Exception raised from checkTimeout at /pytorch/torch/csrc/distributed/c10d/ProcessGroupNCCL.cpp:686 (most recent call first):
frame #0: c10::Error::Error(c10::SourceLocation, std::__cxx11::basic_string<char, std::char_traits<char>, std::allocator<char> >) + 0xb0 (0xffff33c3c700 in /lus/scratch/arigazzi/.pyenv/versions/llm4climate/lib/python3.12/site-packages/torch/lib/libc10.so)
frame #1: c10d::ProcessGroupNCCL::WorkNCCL::checkTimeout(std::optional<std::chrono::duration<long, std::ratio<1l, 1000l> > >) + 0x1f0 (0xffff350612a0 in /lus/scratch/arigazzi/.pyenv/versions/llm4climate/lib/python3.12/site-packages/torch/lib/libtorch_cuda.so)
frame #2: c10d::ProcessGroupNCCL::Watchdog::runLoop() + 0xea4 (0xffff35068724 in /lus/scratch/arigazzi/.pyenv/versions/llm4climate/lib/python3.12/site-packages/torch/lib/libtorch_cuda.so)
frame #3: c10d::ProcessGroupNCCL::Watchdog::run() + 0xc8 (0xffff350699a8 in /lus/scratch/arigazzi/.pyenv/versions/llm4climate/lib/python3.12/site-packages/torch/lib/libtorch_cuda.so)
frame #4: <unknown function> + 0xe095c (0xffff5792095c in /usr/lib64/libstdc++.so.6)
frame #5: <unknown function> + 0x86db0 (0xffff5c406db0 in /lib64/libc.so.6)
frame #6: <unknown function> + 0xf278c (0xffff5c47278c in /lib64/libc.so.6)

terminate called after throwing an instance of 'c10::DistBackendError'
  what():  [PG ID 0 PG GUID 0(default_pg) Rank 1] Process group watchdog thread terminated with exception: [Rank 1] Watchdog caught collective operation timeout: WorkNCCL(SeqNum=3, OpType=ALLREDUCE, NumelIn=1, NumelOut=1, Timeout(ms)=600000) ran for 600049 milliseconds before timing out.
Exception raised from checkTimeout at /pytorch/torch/csrc/distributed/c10d/ProcessGroupNCCL.cpp:686 (most recent call first):
frame #0: c10::Error::Error(c10::SourceLocation, std::__cxx11::basic_string<char, std::char_traits<char>, std::allocator<char> >) + 0xb0 (0xffff33c3c700 in /lus/scratch/arigazzi/.pyenv/versions/llm4climate/lib/python3.12/site-packages/torch/lib/libc10.so)
frame #1: c10d::ProcessGroupNCCL::WorkNCCL::checkTimeout(std::optional<std::chrono::duration<long, std::ratio<1l, 1000l> > >) + 0x1f0 (0xffff350612a0 in /lus/scratch/arigazzi/.pyenv/versions/llm4climate/lib/python3.12/site-packages/torch/lib/libtorch_cuda.so)
frame #2: c10d::ProcessGroupNCCL::Watchdog::runLoop() + 0xea4 (0xffff35068724 in /lus/scratch/arigazzi/.pyenv/versions/llm4climate/lib/python3.12/site-packages/torch/lib/libtorch_cuda.so)
frame #3: c10d::ProcessGroupNCCL::Watchdog::run() + 0xc8 (0xffff350699a8 in /lus/scratch/arigazzi/.pyenv/versions/llm4climate/lib/python3.12/site-packages/torch/lib/libtorch_cuda.so)
frame #4: <unknown function> + 0xe095c (0xffff5792095c in /usr/lib64/libstdc++.so.6)
frame #5: <unknown function> + 0x86db0 (0xffff5c406db0 in /lib64/libc.so.6)
frame #6: <unknown function> + 0xf278c (0xffff5c47278c in /lib64/libc.so.6)

Exception raised from run at /pytorch/torch/csrc/distributed/c10d/ProcessGroupNCCL.cpp:2063 (most recent call first):
frame #0: c10::Error::Error(c10::SourceLocation, std::__cxx11::basic_string<char, std::char_traits<char>, std::allocator<char> >) + 0xb0 (0xffff33c3c700 in /lus/scratch/arigazzi/.pyenv/versions/llm4climate/lib/python3.12/site-packages/torch/lib/libc10.so)
frame #1: <unknown function> + 0x1673130 (0xffff35023130 in /lus/scratch/arigazzi/.pyenv/versions/llm4climate/lib/python3.12/site-packages/torch/lib/libtorch_cuda.so)
frame #2: c10d::ProcessGroupNCCL::Watchdog::run() + 0x474 (0xffff35069d54 in /lus/scratch/arigazzi/.pyenv/versions/llm4climate/lib/python3.12/site-packages/torch/lib/libtorch_cuda.so)
frame #3: <unknown function> + 0xe095c (0xffff5792095c in /usr/lib64/libstdc++.so.6)
frame #4: <unknown function> + 0x86db0 (0xffff5c406db0 in /lib64/libc.so.6)
frame #5: <unknown function> + 0xf278c (0xffff5c47278c in /lib64/libc.so.6)

[rank2]:[E203 03:20:57.845720773 ProcessGroupNCCL.cpp:744] [Rank 2] Some NCCL operations have failed or timed out. Due to the asynchronous nature of CUDA kernels, subsequent GPU operations might run on corrupted/incomplete data.
[rank2]:[E203 03:20:57.845738661 ProcessGroupNCCL.cpp:758] [Rank 2] To avoid data inconsistency, we are taking the entire process down.
[rank2]:[E203 03:20:57.846623206 ProcessGroupNCCL.cpp:2057] [PG ID 0 PG GUID 0(default_pg) Rank 2] Process group watchdog thread terminated with exception: [Rank 2] Watchdog caught collective operation timeout: WorkNCCL(SeqNum=3, OpType=ALLREDUCE, NumelIn=1, NumelOut=1, Timeout(ms)=600000) ran for 600058 milliseconds before timing out.
Exception raised from checkTimeout at /pytorch/torch/csrc/distributed/c10d/ProcessGroupNCCL.cpp:686 (most recent call first):
frame #0: c10::Error::Error(c10::SourceLocation, std::__cxx11::basic_string<char, std::char_traits<char>, std::allocator<char> >) + 0xb0 (0xfffbb8e8c700 in /lus/scratch/arigazzi/.pyenv/versions/llm4climate/lib/python3.12/site-packages/torch/lib/libc10.so)
frame #1: c10d::ProcessGroupNCCL::WorkNCCL::checkTimeout(std::optional<std::chrono::duration<long, std::ratio<1l, 1000l> > >) + 0x1f0 (0xfffbba2b12a0 in /lus/scratch/arigazzi/.pyenv/versions/llm4climate/lib/python3.12/site-packages/torch/lib/libtorch_cuda.so)
frame #2: c10d::ProcessGroupNCCL::Watchdog::runLoop() + 0xea4 (0xfffbba2b8724 in /lus/scratch/arigazzi/.pyenv/versions/llm4climate/lib/python3.12/site-packages/torch/lib/libtorch_cuda.so)
frame #3: c10d::ProcessGroupNCCL::Watchdog::run() + 0xc8 (0xfffbba2b99a8 in /lus/scratch/arigazzi/.pyenv/versions/llm4climate/lib/python3.12/site-packages/torch/lib/libtorch_cuda.so)
frame #4: <unknown function> + 0xe095c (0xfffbdcb7095c in /usr/lib64/libstdc++.so.6)
frame #5: <unknown function> + 0x86db0 (0xfffbe1656db0 in /lib64/libc.so.6)
frame #6: <unknown function> + 0xf278c (0xfffbe16c278c in /lib64/libc.so.6)

terminate called after throwing an instance of 'c10::DistBackendError'
  what():  [PG ID 0 PG GUID 0(default_pg) Rank 2] Process group watchdog thread terminated with exception: [Rank 2] Watchdog caught collective operation timeout: WorkNCCL(SeqNum=3, OpType=ALLREDUCE, NumelIn=1, NumelOut=1, Timeout(ms)=600000) ran for 600058 milliseconds before timing out.
Exception raised from checkTimeout at /pytorch/torch/csrc/distributed/c10d/ProcessGroupNCCL.cpp:686 (most recent call first):
frame #0: c10::Error::Error(c10::SourceLocation, std::__cxx11::basic_string<char, std::char_traits<char>, std::allocator<char> >) + 0xb0 (0xfffbb8e8c700 in /lus/scratch/arigazzi/.pyenv/versions/llm4climate/lib/python3.12/site-packages/torch/lib/libc10.so)
frame #1: c10d::ProcessGroupNCCL::WorkNCCL::checkTimeout(std::optional<std::chrono::duration<long, std::ratio<1l, 1000l> > >) + 0x1f0 (0xfffbba2b12a0 in /lus/scratch/arigazzi/.pyenv/versions/llm4climate/lib/python3.12/site-packages/torch/lib/libtorch_cuda.so)
frame #2: c10d::ProcessGroupNCCL::Watchdog::runLoop() + 0xea4 (0xfffbba2b8724 in /lus/scratch/arigazzi/.pyenv/versions/llm4climate/lib/python3.12/site-packages/torch/lib/libtorch_cuda.so)
frame #3: c10d::ProcessGroupNCCL::Watchdog::run() + 0xc8 (0xfffbba2b99a8 in /lus/scratch/arigazzi/.pyenv/versions/llm4climate/lib/python3.12/site-packages/torch/lib/libtorch_cuda.so)
frame #4: <unknown function> + 0xe095c (0xfffbdcb7095c in /usr/lib64/libstdc++.so.6)
frame #5: <unknown function> + 0x86db0 (0xfffbe1656db0 in /lib64/libc.so.6)
frame #6: <unknown function> + 0xf278c (0xfffbe16c278c in /lib64/libc.so.6)

Exception raised from run at /pytorch/torch/csrc/distributed/c10d/ProcessGroupNCCL.cpp:2063 (most recent call first):
frame #0: c10::Error::Error(c10::SourceLocation, std::__cxx11::basic_string<char, std::char_traits<char>, std::allocator<char> >) + 0xb0 (0xfffbb8e8c700 in /lus/scratch/arigazzi/.pyenv/versions/llm4climate/lib/python3.12/site-packages/torch/lib/libc10.so)
frame #1: <unknown function> + 0x1673130 (0xfffbba273130 in /lus/scratch/arigazzi/.pyenv/versions/llm4climate/lib/python3.12/site-packages/torch/lib/libtorch_cuda.so)
frame #2: c10d::ProcessGroupNCCL::Watchdog::run() + 0x474 (0xfffbba2b9d54 in /lus/scratch/arigazzi/.pyenv/versions/llm4climate/lib/python3.12/site-packages/torch/lib/libtorch_cuda.so)
frame #3: <unknown function> + 0xe095c (0xfffbdcb7095c in /usr/lib64/libstdc++.so.6)
frame #4: <unknown function> + 0x86db0 (0xfffbe1656db0 in /lib64/libc.so.6)
frame #5: <unknown function> + 0xf278c (0xfffbe16c278c in /lib64/libc.so.6)

/usr/bin/bash: line 25: 2207603 Aborted                 python -u -m multimodal_aifs.training.train_pipeline --stage rl --model-name "mistralai/Ministral-3-8B-Instruct-2512" --zarr-paths "/lus/scratch/arigazzi/HPE-LLM4Climate/data/real_ecmwf_latest.zarr" --checkpoint-dir "/lus/scratch/arigazzi/HPE-LLM4Climate/checkpoints/rl_training_30149" --output-dir "/lus/scratch/arigazzi/HPE-LLM4Climate/outputs/rl_model_30149" --rl-epochs "3" --batch-size "4" --learning-rate "1e-5" --seed "42" --device cuda
[rank3]: Traceback (most recent call last):
[rank3]:   File "<frozen runpy>", line 198, in _run_module_as_main
[rank3]:   File "<frozen runpy>", line 88, in _run_code
[rank3]:   File "/lus/bnchlu5/arigazzi/HPE-LLM4Climate/multimodal_aifs/training/train_pipeline.py", line 635, in <module>
[rank3]:     main()
[rank3]:   File "/lus/bnchlu5/arigazzi/HPE-LLM4Climate/multimodal_aifs/training/train_pipeline.py", line 616, in main
[rank3]:     pipeline.run_rl_training()
[rank3]:   File "/lus/bnchlu5/arigazzi/HPE-LLM4Climate/multimodal_aifs/training/train_pipeline.py", line 272, in run_rl_training
[rank3]:     self.initialize()
[rank3]:   File "/lus/bnchlu5/arigazzi/HPE-LLM4Climate/multimodal_aifs/training/train_pipeline.py", line 226, in initialize
[rank3]:     self.model = Mistral3ForConditionalGeneration.from_pretrained(
[rank3]:                  ^^^^^^^^^^^^^^^^^^^^^^^^^^^^^^^^^^^^^^^^^^^^^^^^^
[rank3]:   File "/lus/scratch/arigazzi/.pyenv/versions/llm4climate/lib/python3.12/site-packages/transformers/modeling_utils.py", line 249, in _wrapper
[rank3]:     return func(*args, **kwargs)
[rank3]:            ^^^^^^^^^^^^^^^^^^^^^
[rank3]:   File "/lus/scratch/arigazzi/.pyenv/versions/llm4climate/lib/python3.12/site-packages/transformers/modeling_utils.py", line 3935, in from_pretrained
[rank3]:     checkpoint_files, sharded_metadata = _get_resolved_checkpoint_files(
[rank3]:                                          ^^^^^^^^^^^^^^^^^^^^^^^^^^^^^^^
[rank3]:   File "/lus/scratch/arigazzi/.pyenv/versions/llm4climate/lib/python3.12/site-packages/transformers/modeling_utils.py", line 679, in _get_resolved_checkpoint_files
[rank3]:     checkpoint_files, sharded_metadata = get_checkpoint_shard_files(
[rank3]:                                          ^^^^^^^^^^^^^^^^^^^^^^^^^^^
[rank3]:   File "/lus/scratch/arigazzi/.pyenv/versions/llm4climate/lib/python3.12/site-packages/transformers/utils/hub.py", line 873, in get_checkpoint_shard_files
[rank3]:     cached_filenames = cached_files(
[rank3]:                        ^^^^^^^^^^^^^
[rank3]:   File "/lus/scratch/arigazzi/.pyenv/versions/llm4climate/lib/python3.12/site-packages/transformers/utils/hub.py", line 523, in cached_files
[rank3]:     raise OSError(
[rank3]: OSError: mistralai/Ministral-3-8B-Instruct-2512 does not appear to have a file named model-00001-of-00003.safetensors. Checkout 'https://huggingface.co/mistralai/Ministral-3-8B-Instruct-2512/tree/main' for available files.
/usr/bin/bash: line 25: 2207604 Aborted                 python -u -m multimodal_aifs.training.train_pipeline --stage rl --model-name "mistralai/Ministral-3-8B-Instruct-2512" --zarr-paths "/lus/scratch/arigazzi/HPE-LLM4Climate/data/real_ecmwf_latest.zarr" --checkpoint-dir "/lus/scratch/arigazzi/HPE-LLM4Climate/checkpoints/rl_training_30149" --output-dir "/lus/scratch/arigazzi/HPE-LLM4Climate/outputs/rl_model_30149" --rl-epochs "3" --batch-size "4" --learning-rate "1e-5" --seed "42" --device cuda
srun: error: blancapeak001: tasks 1-2: Exited with exit code 134
[rank7]:[E203 03:20:57.298424182 ProcessGroupNCCL.cpp:744] [Rank 7] Some NCCL operations have failed or timed out. Due to the asynchronous nature of CUDA kernels, subsequent GPU operations might run on corrupted/incomplete data.
[rank7]:[E203 03:20:57.298436853 ProcessGroupNCCL.cpp:758] [Rank 7] To avoid data inconsistency, we are taking the entire process down.
[rank7]:[E203 03:20:57.299321526 ProcessGroupNCCL.cpp:2057] [PG ID 0 PG GUID 0(default_pg) Rank 7] Process group watchdog thread terminated with exception: [Rank 7] Watchdog caught collective operation timeout: WorkNCCL(SeqNum=3, OpType=ALLREDUCE, NumelIn=1, NumelOut=1, Timeout(ms)=600000) ran for 600010 milliseconds before timing out.
Exception raised from checkTimeout at /pytorch/torch/csrc/distributed/c10d/ProcessGroupNCCL.cpp:686 (most recent call first):
frame #0: c10::Error::Error(c10::SourceLocation, std::__cxx11::basic_string<char, std::char_traits<char>, std::allocator<char> >) + 0xb0 (0xfffdeec5c700 in /lus/scratch/arigazzi/.pyenv/versions/llm4climate/lib/python3.12/site-packages/torch/lib/libc10.so)
frame #1: c10d::ProcessGroupNCCL::WorkNCCL::checkTimeout(std::optional<std::chrono::duration<long, std::ratio<1l, 1000l> > >) + 0x1f0 (0xfffdf00812a0 in /lus/scratch/arigazzi/.pyenv/versions/llm4climate/lib/python3.12/site-packages/torch/lib/libtorch_cuda.so)
frame #2: c10d::ProcessGroupNCCL::Watchdog::runLoop() + 0xea4 (0xfffdf0088724 in /lus/scratch/arigazzi/.pyenv/versions/llm4climate/lib/python3.12/site-packages/torch/lib/libtorch_cuda.so)
frame #3: c10d::ProcessGroupNCCL::Watchdog::run() + 0xc8 (0xfffdf00899a8 in /lus/scratch/arigazzi/.pyenv/versions/llm4climate/lib/python3.12/site-packages/torch/lib/libtorch_cuda.so)
frame #4: <unknown function> + 0xe095c (0xfffe1294095c in /usr/lib64/libstdc++.so.6)
frame #5: <unknown function> + 0x86db0 (0xfffe17426db0 in /lib64/libc.so.6)
frame #6: <unknown function> + 0xf278c (0xfffe1749278c in /lib64/libc.so.6)

terminate called after throwing an instance of 'c10::DistBackendError'
  what():  [PG ID 0 PG GUID 0(default_pg) Rank 7] Process group watchdog thread terminated with exception: [Rank 7] Watchdog caught collective operation timeout: WorkNCCL(SeqNum=3, OpType=ALLREDUCE, NumelIn=1, NumelOut=1, Timeout(ms)=600000) ran for 600010 milliseconds before timing out.
Exception raised from checkTimeout at /pytorch/torch/csrc/distributed/c10d/ProcessGroupNCCL.cpp:686 (most recent call first):
frame #0: c10::Error::Error(c10::SourceLocation, std::__cxx11::basic_string<char, std::char_traits<char>, std::allocator<char> >) + 0xb0 (0xfffdeec5c700 in /lus/scratch/arigazzi/.pyenv/versions/llm4climate/lib/python3.12/site-packages/torch/lib/libc10.so)
frame #1: c10d::ProcessGroupNCCL::WorkNCCL::checkTimeout(std::optional<std::chrono::duration<long, std::ratio<1l, 1000l> > >) + 0x1f0 (0xfffdf00812a0 in /lus/scratch/arigazzi/.pyenv/versions/llm4climate/lib/python3.12/site-packages/torch/lib/libtorch_cuda.so)
frame #2: c10d::ProcessGroupNCCL::Watchdog::runLoop() + 0xea4 (0xfffdf0088724 in /lus/scratch/arigazzi/.pyenv/versions/llm4climate/lib/python3.12/site-packages/torch/lib/libtorch_cuda.so)
frame #3: c10d::ProcessGroupNCCL::Watchdog::run() + 0xc8 (0xfffdf00899a8 in /lus/scratch/arigazzi/.pyenv/versions/llm4climate/lib/python3.12/site-packages/torch/lib/libtorch_cuda.so)
frame #4: <unknown function> + 0xe095c (0xfffe1294095c in /usr/lib64/libstdc++.so.6)
frame #5: <unknown function> + 0x86db0 (0xfffe17426db0 in /lib64/libc.so.6)
frame #6: <unknown function> + 0xf278c (0xfffe1749278c in /lib64/libc.so.6)

Exception raised from run at /pytorch/torch/csrc/distributed/c10d/ProcessGroupNCCL.cpp:2063 (most recent call first):
frame #0: c10::Error::Error(c10::SourceLocation, std::__cxx11::basic_string<char, std::char_traits<char>, std::allocator<char> >) + 0xb0 (0xfffdeec5c700 in /lus/scratch/arigazzi/.pyenv/versions/llm4climate/lib/python3.12/site-packages/torch/lib/libc10.so)
frame #1: <unknown function> + 0x1673130 (0xfffdf0043130 in /lus/scratch/arigazzi/.pyenv/versions/llm4climate/lib/python3.12/site-packages/torch/lib/libtorch_cuda.so)
frame #2: c10d::ProcessGroupNCCL::Watchdog::run() + 0x474 (0xfffdf0089d54 in /lus/scratch/arigazzi/.pyenv/versions/llm4climate/lib/python3.12/site-packages/torch/lib/libtorch_cuda.so)
frame #3: <unknown function> + 0xe095c (0xfffe1294095c in /usr/lib64/libstdc++.so.6)
frame #4: <unknown function> + 0x86db0 (0xfffe17426db0 in /lib64/libc.so.6)
frame #5: <unknown function> + 0xf278c (0xfffe1749278c in /lib64/libc.so.6)

[rank6]:[E203 03:20:57.316733582 ProcessGroupNCCL.cpp:744] [Rank 6] Some NCCL operations have failed or timed out. Due to the asynchronous nature of CUDA kernels, subsequent GPU operations might run on corrupted/incomplete data.
[rank6]:[E203 03:20:57.316747374 ProcessGroupNCCL.cpp:758] [Rank 6] To avoid data inconsistency, we are taking the entire process down.
[rank6]:[E203 03:20:57.317638382 ProcessGroupNCCL.cpp:2057] [PG ID 0 PG GUID 0(default_pg) Rank 6] Process group watchdog thread terminated with exception: [Rank 6] Watchdog caught collective operation timeout: WorkNCCL(SeqNum=3, OpType=ALLREDUCE, NumelIn=1, NumelOut=1, Timeout(ms)=600000) ran for 600085 milliseconds before timing out.
Exception raised from checkTimeout at /pytorch/torch/csrc/distributed/c10d/ProcessGroupNCCL.cpp:686 (most recent call first):
frame #0: c10::Error::Error(c10::SourceLocation, std::__cxx11::basic_string<char, std::char_traits<char>, std::allocator<char> >) + 0xb0 (0xfffbf939c700 in /lus/scratch/arigazzi/.pyenv/versions/llm4climate/lib/python3.12/site-packages/torch/lib/libc10.so)
frame #1: c10d::ProcessGroupNCCL::WorkNCCL::checkTimeout(std::optional<std::chrono::duration<long, std::ratio<1l, 1000l> > >) + 0x1f0 (0xfffbfa7c12a0 in /lus/scratch/arigazzi/.pyenv/versions/llm4climate/lib/python3.12/site-packages/torch/lib/libtorch_cuda.so)
frame #2: c10d::ProcessGroupNCCL::Watchdog::runLoop() + 0xea4 (0xfffbfa7c8724 in /lus/scratch/arigazzi/.pyenv/versions/llm4climate/lib/python3.12/site-packages/torch/lib/libtorch_cuda.so)
frame #3: c10d::ProcessGroupNCCL::Watchdog::run() + 0xc8 (0xfffbfa7c99a8 in /lus/scratch/arigazzi/.pyenv/versions/llm4climate/lib/python3.12/site-packages/torch/lib/libtorch_cuda.so)
frame #4: <unknown function> + 0xe095c (0xfffc1d08095c in /usr/lib64/libstdc++.so.6)
frame #5: <unknown function> + 0x86db0 (0xfffc21b66db0 in /lib64/libc.so.6)
frame #6: <unknown function> + 0xf278c (0xfffc21bd278c in /lib64/libc.so.6)

terminate called after throwing an instance of 'c10::DistBackendError'
  what():  [PG ID 0 PG GUID 0(default_pg) Rank 6] Process group watchdog thread terminated with exception: [Rank 6] Watchdog caught collective operation timeout: WorkNCCL(SeqNum=3, OpType=ALLREDUCE, NumelIn=1, NumelOut=1, Timeout(ms)=600000) ran for 600085 milliseconds before timing out.
Exception raised from checkTimeout at /pytorch/torch/csrc/distributed/c10d/ProcessGroupNCCL.cpp:686 (most recent call first):
frame #0: c10::Error::Error(c10::SourceLocation, std::__cxx11::basic_string<char, std::char_traits<char>, std::allocator<char> >) + 0xb0 (0xfffbf939c700 in /lus/scratch/arigazzi/.pyenv/versions/llm4climate/lib/python3.12/site-packages/torch/lib/libc10.so)
frame #1: c10d::ProcessGroupNCCL::WorkNCCL::checkTimeout(std::optional<std::chrono::duration<long, std::ratio<1l, 1000l> > >) + 0x1f0 (0xfffbfa7c12a0 in /lus/scratch/arigazzi/.pyenv/versions/llm4climate/lib/python3.12/site-packages/torch/lib/libtorch_cuda.so)
frame #2: c10d::ProcessGroupNCCL::Watchdog::runLoop() + 0xea4 (0xfffbfa7c8724 in /lus/scratch/arigazzi/.pyenv/versions/llm4climate/lib/python3.12/site-packages/torch/lib/libtorch_cuda.so)
frame #3: c10d::ProcessGroupNCCL::Watchdog::run() + 0xc8 (0xfffbfa7c99a8 in /lus/scratch/arigazzi/.pyenv/versions/llm4climate/lib/python3.12/site-packages/torch/lib/libtorch_cuda.so)
frame #4: <unknown function> + 0xe095c (0xfffc1d08095c in /usr/lib64/libstdc++.so.6)
frame #5: <unknown function> + 0x86db0 (0xfffc21b66db0 in /lib64/libc.so.6)
frame #6: <unknown function> + 0xf278c (0xfffc21bd278c in /lib64/libc.so.6)

Exception raised from run at /pytorch/torch/csrc/distributed/c10d/ProcessGroupNCCL.cpp:2063 (most recent call first):
frame #0: c10::Error::Error(c10::SourceLocation, std::__cxx11::basic_string<char, std::char_traits<char>, std::allocator<char> >) + 0xb0 (0xfffbf939c700 in /lus/scratch/arigazzi/.pyenv/versions/llm4climate/lib/python3.12/site-packages/torch/lib/libc10.so)
frame #1: <unknown function> + 0x1673130 (0xfffbfa783130 in /lus/scratch/arigazzi/.pyenv/versions/llm4climate/lib/python3.12/site-packages/torch/lib/libtorch_cuda.so)
frame #2: c10d::ProcessGroupNCCL::Watchdog::run() + 0x474 (0xfffbfa7c9d54 in /lus/scratch/arigazzi/.pyenv/versions/llm4climate/lib/python3.12/site-packages/torch/lib/libtorch_cuda.so)
frame #3: <unknown function> + 0xe095c (0xfffc1d08095c in /usr/lib64/libstdc++.so.6)
frame #4: <unknown function> + 0x86db0 (0xfffc21b66db0 in /lib64/libc.so.6)
frame #5: <unknown function> + 0xf278c (0xfffc21bd278c in /lib64/libc.so.6)

[rank5]:[E203 03:20:57.402532661 ProcessGroupNCCL.cpp:744] [Rank 5] Some NCCL operations have failed or timed out. Due to the asynchronous nature of CUDA kernels, subsequent GPU operations might run on corrupted/incomplete data.
[rank5]:[E203 03:20:57.402548020 ProcessGroupNCCL.cpp:758] [Rank 5] To avoid data inconsistency, we are taking the entire process down.
[rank5]:[E203 03:20:57.403426229 ProcessGroupNCCL.cpp:2057] [PG ID 0 PG GUID 0(default_pg) Rank 5] Process group watchdog thread terminated with exception: [Rank 5] Watchdog caught collective operation timeout: WorkNCCL(SeqNum=3, OpType=ALLREDUCE, NumelIn=1, NumelOut=1, Timeout(ms)=600000) ran for 600090 milliseconds before timing out.
Exception raised from checkTimeout at /pytorch/torch/csrc/distributed/c10d/ProcessGroupNCCL.cpp:686 (most recent call first):
frame #0: c10::Error::Error(c10::SourceLocation, std::__cxx11::basic_string<char, std::char_traits<char>, std::allocator<char> >) + 0xb0 (0xfffea9a7c700 in /lus/scratch/arigazzi/.pyenv/versions/llm4climate/lib/python3.12/site-packages/torch/lib/libc10.so)
frame #1: c10d::ProcessGroupNCCL::WorkNCCL::checkTimeout(std::optional<std::chrono::duration<long, std::ratio<1l, 1000l> > >) + 0x1f0 (0xfffeaaea12a0 in /lus/scratch/arigazzi/.pyenv/versions/llm4climate/lib/python3.12/site-packages/torch/lib/libtorch_cuda.so)
frame #2: c10d::ProcessGroupNCCL::Watchdog::runLoop() + 0xea4 (0xfffeaaea8724 in /lus/scratch/arigazzi/.pyenv/versions/llm4climate/lib/python3.12/site-packages/torch/lib/libtorch_cuda.so)
frame #3: c10d::ProcessGroupNCCL::Watchdog::run() + 0xc8 (0xfffeaaea99a8 in /lus/scratch/arigazzi/.pyenv/versions/llm4climate/lib/python3.12/site-packages/torch/lib/libtorch_cuda.so)
frame #4: <unknown function> + 0xe095c (0xfffecd76095c in /usr/lib64/libstdc++.so.6)
frame #5: <unknown function> + 0x86db0 (0xfffed2246db0 in /lib64/libc.so.6)
frame #6: <unknown function> + 0xf278c (0xfffed22b278c in /lib64/libc.so.6)

terminate called after throwing an instance of 'c10::DistBackendError'
  what():  [PG ID 0 PG GUID 0(default_pg) Rank 5] Process group watchdog thread terminated with exception: [Rank 5] Watchdog caught collective operation timeout: WorkNCCL(SeqNum=3, OpType=ALLREDUCE, NumelIn=1, NumelOut=1, Timeout(ms)=600000) ran for 600090 milliseconds before timing out.
Exception raised from checkTimeout at /pytorch/torch/csrc/distributed/c10d/ProcessGroupNCCL.cpp:686 (most recent call first):
frame #0: c10::Error::Error(c10::SourceLocation, std::__cxx11::basic_string<char, std::char_traits<char>, std::allocator<char> >) + 0xb0 (0xfffea9a7c700 in /lus/scratch/arigazzi/.pyenv/versions/llm4climate/lib/python3.12/site-packages/torch/lib/libc10.so)
frame #1: c10d::ProcessGroupNCCL::WorkNCCL::checkTimeout(std::optional<std::chrono::duration<long, std::ratio<1l, 1000l> > >) + 0x1f0 (0xfffeaaea12a0 in /lus/scratch/arigazzi/.pyenv/versions/llm4climate/lib/python3.12/site-packages/torch/lib/libtorch_cuda.so)
frame #2: c10d::ProcessGroupNCCL::Watchdog::runLoop() + 0xea4 (0xfffeaaea8724 in /lus/scratch/arigazzi/.pyenv/versions/llm4climate/lib/python3.12/site-packages/torch/lib/libtorch_cuda.so)
frame #3: c10d::ProcessGroupNCCL::Watchdog::run() + 0xc8 (0xfffeaaea99a8 in /lus/scratch/arigazzi/.pyenv/versions/llm4climate/lib/python3.12/site-packages/torch/lib/libtorch_cuda.so)
frame #4: <unknown function> + 0xe095c (0xfffecd76095c in /usr/lib64/libstdc++.so.6)
frame #5: <unknown function> + 0x86db0 (0xfffed2246db0 in /lib64/libc.so.6)
frame #6: <unknown function> + 0xf278c (0xfffed22b278c in /lib64/libc.so.6)

Exception raised from run at /pytorch/torch/csrc/distributed/c10d/ProcessGroupNCCL.cpp:2063 (most recent call first):
frame #0: c10::Error::Error(c10::SourceLocation, std::__cxx11::basic_string<char, std::char_traits<char>, std::allocator<char> >) + 0xb0 (0xfffea9a7c700 in /lus/scratch/arigazzi/.pyenv/versions/llm4climate/lib/python3.12/site-packages/torch/lib/libc10.so)
frame #1: <unknown function> + 0x1673130 (0xfffeaae63130 in /lus/scratch/arigazzi/.pyenv/versions/llm4climate/lib/python3.12/site-packages/torch/lib/libtorch_cuda.so)
frame #2: c10d::ProcessGroupNCCL::Watchdog::run() + 0x474 (0xfffeaaea9d54 in /lus/scratch/arigazzi/.pyenv/versions/llm4climate/lib/python3.12/site-packages/torch/lib/libtorch_cuda.so)
frame #3: <unknown function> + 0xe095c (0xfffecd76095c in /usr/lib64/libstdc++.so.6)
frame #4: <unknown function> + 0x86db0 (0xfffed2246db0 in /lib64/libc.so.6)
frame #5: <unknown function> + 0xf278c (0xfffed22b278c in /lib64/libc.so.6)

/usr/bin/bash: line 25: 405230 Aborted                 python -u -m multimodal_aifs.training.train_pipeline --stage rl --model-name "mistralai/Ministral-3-8B-Instruct-2512" --zarr-paths "/lus/scratch/arigazzi/HPE-LLM4Climate/data/real_ecmwf_latest.zarr" --checkpoint-dir "/lus/scratch/arigazzi/HPE-LLM4Climate/checkpoints/rl_training_30149" --output-dir "/lus/scratch/arigazzi/HPE-LLM4Climate/outputs/rl_model_30149" --rl-epochs "3" --batch-size "4" --learning-rate "1e-5" --seed "42" --device cuda
/usr/bin/bash: line 25: 405228 Aborted                 python -u -m multimodal_aifs.training.train_pipeline --stage rl --model-name "mistralai/Ministral-3-8B-Instruct-2512" --zarr-paths "/lus/scratch/arigazzi/HPE-LLM4Climate/data/real_ecmwf_latest.zarr" --checkpoint-dir "/lus/scratch/arigazzi/HPE-LLM4Climate/checkpoints/rl_training_30149" --output-dir "/lus/scratch/arigazzi/HPE-LLM4Climate/outputs/rl_model_30149" --rl-epochs "3" --batch-size "4" --learning-rate "1e-5" --seed "42" --device cuda
srun: error: blancapeak002: tasks 6-7: Exited with exit code 134
/usr/bin/bash: line 25: 405229 Aborted                 python -u -m multimodal_aifs.training.train_pipeline --stage rl --model-name "mistralai/Ministral-3-8B-Instruct-2512" --zarr-paths "/lus/scratch/arigazzi/HPE-LLM4Climate/data/real_ecmwf_latest.zarr" --checkpoint-dir "/lus/scratch/arigazzi/HPE-LLM4Climate/checkpoints/rl_training_30149" --output-dir "/lus/scratch/arigazzi/HPE-LLM4Climate/outputs/rl_model_30149" --rl-epochs "3" --batch-size "4" --learning-rate "1e-5" --seed "42" --device cuda
srun: error: blancapeak002: task 5: Exited with exit code 134
srun: error: blancapeak001: task 3: Exited with exit code 1
