srun: warning: can't honor --ntasks-per-node set to 4 which doesn't match the requested tasks 8 and -mpack, which forces min number of nodes to 1
[rank0]: Traceback (most recent call last):
[rank0]:   File "<frozen runpy>", line 198, in _run_module_as_main
[rank0]:   File "<frozen runpy>", line 88, in _run_code
[rank0]:   File "/lus/bnchlu5/arigazzi/HPE-LLM4Climate/multimodal_aifs/training/train_pipeline.py", line 571, in <module>
[rank0]:     cleanup_distributed()
[rank0]: ^^
[rank0]:   File "/lus/bnchlu5/arigazzi/HPE-LLM4Climate/multimodal_aifs/training/train_pipeline.py", line 552, in main
[rank0]:     device=args.device,
[rank0]:     ^^^^^^^^^^^^^^^^^^^^
[rank0]:   File "/lus/bnchlu5/arigazzi/HPE-LLM4Climate/multimodal_aifs/training/train_pipeline.py", line 222, in run_rl_training
[rank0]:     config=self.rl_config,
[rank0]:           ^^^^^^^^^^^^^^^
[rank0]:   File "/lus/bnchlu5/arigazzi/HPE-LLM4Climate/multimodal_aifs/training/rl_trainer.py", line 653, in train
[rank0]:     metrics = self.train_epoch()
[rank0]:               ^^^^^^^^^^^^^^^^^^
[rank0]:   File "/lus/bnchlu5/arigazzi/HPE-LLM4Climate/multimodal_aifs/training/rl_trainer.py", line 548, in train_epoch
[rank0]:     rollouts = list(self.collect_rollouts(len(self.dataloader)))
[rank0]:                ^^^^^^^^^^^^^^^^^^^^^^^^^^^^^^^^^^^^^^^^^^^^^^^^^
[rank0]:   File "/lus/bnchlu5/arigazzi/HPE-LLM4Climate/multimodal_aifs/training/rl_trainer.py", line 388, in collect_rollouts
[rank0]:     response, log_probs = self.generate_response(sample.prompt)
[rank0]:                           ^^^^^^^^^^^^^^^^^^^^^^^^^^^^^^^^^^^^^
[rank0]:   File "/lus/bnchlu5/arigazzi/HPE-LLM4Climate/multimodal_aifs/training/rl_trainer.py", line 291, in generate_response
[rank0]:     outputs = self.model.generate(
[rank0]:               ^^^^^^^^^^^^^^^^^^^
[rank0]:   File "/lus/scratch/arigazzi/.pyenv/versions/llm4climate/lib/python3.12/site-packages/torch/nn/modules/module.py", line 1964, in __getattr__
[rank0]:     raise AttributeError(
[rank0]: AttributeError: 'DistributedDataParallel' object has no attribute 'generate'
[rank2]: Traceback (most recent call last):
[rank2]:   File "<frozen runpy>", line 198, in _run_module_as_main
[rank2]:   File "<frozen runpy>", line 88, in _run_code
[rank2]:   File "/lus/bnchlu5/arigazzi/HPE-LLM4Climate/multimodal_aifs/training/train_pipeline.py", line 571, in <module>
[rank2]:     cleanup_distributed()
[rank2]: ^^
[rank2]:   File "/lus/bnchlu5/arigazzi/HPE-LLM4Climate/multimodal_aifs/training/train_pipeline.py", line 552, in main
[rank2]:     device=args.device,
[rank2]:     ^^^^^^^^^^^^^^^^^^^^
[rank2]:   File "/lus/bnchlu5/arigazzi/HPE-LLM4Climate/multimodal_aifs/training/train_pipeline.py", line 222, in run_rl_training
[rank2]:     config=self.rl_config,
[rank2]:           ^^^^^^^^^^^^^^^
[rank2]:   File "/lus/bnchlu5/arigazzi/HPE-LLM4Climate/multimodal_aifs/training/rl_trainer.py", line 653, in train
[rank2]:     metrics = self.train_epoch()
[rank2]:               ^^^^^^^^^^^^^^^^^^
[rank2]:   File "/lus/bnchlu5/arigazzi/HPE-LLM4Climate/multimodal_aifs/training/rl_trainer.py", line 548, in train_epoch
[rank2]:     rollouts = list(self.collect_rollouts(len(self.dataloader)))
[rank2]:                ^^^^^^^^^^^^^^^^^^^^^^^^^^^^^^^^^^^^^^^^^^^^^^^^^
[rank2]:   File "/lus/bnchlu5/arigazzi/HPE-LLM4Climate/multimodal_aifs/training/rl_trainer.py", line 388, in collect_rollouts
[rank2]:     response, log_probs = self.generate_response(sample.prompt)
[rank2]:                           ^^^^^^^^^^^^^^^^^^^^^^^^^^^^^^^^^^^^^
[rank2]:   File "/lus/bnchlu5/arigazzi/HPE-LLM4Climate/multimodal_aifs/training/rl_trainer.py", line 291, in generate_response
[rank2]:     outputs = self.model.generate(
[rank2]:               ^^^^^^^^^^^^^^^^^^^
[rank2]:   File "/lus/scratch/arigazzi/.pyenv/versions/llm4climate/lib/python3.12/site-packages/torch/nn/modules/module.py", line 1964, in __getattr__
[rank2]:     raise AttributeError(
[rank2]: AttributeError: 'DistributedDataParallel' object has no attribute 'generate'
[rank3]: Traceback (most recent call last):
[rank3]:   File "<frozen runpy>", line 198, in _run_module_as_main
[rank3]:   File "<frozen runpy>", line 88, in _run_code
[rank3]:   File "/lus/bnchlu5/arigazzi/HPE-LLM4Climate/multimodal_aifs/training/train_pipeline.py", line 571, in <module>
[rank3]:     cleanup_distributed()
[rank3]: ^^
[rank3]:   File "/lus/bnchlu5/arigazzi/HPE-LLM4Climate/multimodal_aifs/training/train_pipeline.py", line 552, in main
[rank3]:     device=args.device,
[rank3]:     ^^^^^^^^^^^^^^^^^^^^
[rank3]:   File "/lus/bnchlu5/arigazzi/HPE-LLM4Climate/multimodal_aifs/training/train_pipeline.py", line 222, in run_rl_training
[rank3]:     config=self.rl_config,
[rank3]:           ^^^^^^^^^^^^^^^
[rank3]:   File "/lus/bnchlu5/arigazzi/HPE-LLM4Climate/multimodal_aifs/training/rl_trainer.py", line 653, in train
[rank3]:     metrics = self.train_epoch()
[rank3]:               ^^^^^^^^^^^^^^^^^^
[rank3]:   File "/lus/bnchlu5/arigazzi/HPE-LLM4Climate/multimodal_aifs/training/rl_trainer.py", line 548, in train_epoch
[rank3]:     rollouts = list(self.collect_rollouts(len(self.dataloader)))
[rank3]:                ^^^^^^^^^^^^^^^^^^^^^^^^^^^^^^^^^^^^^^^^^^^^^^^^^
[rank3]:   File "/lus/bnchlu5/arigazzi/HPE-LLM4Climate/multimodal_aifs/training/rl_trainer.py", line 388, in collect_rollouts
[rank3]:     response, log_probs = self.generate_response(sample.prompt)
[rank3]:                           ^^^^^^^^^^^^^^^^^^^^^^^^^^^^^^^^^^^^^
[rank3]:   File "/lus/bnchlu5/arigazzi/HPE-LLM4Climate/multimodal_aifs/training/rl_trainer.py", line 291, in generate_response
[rank3]:     outputs = self.model.generate(
[rank3]:               ^^^^^^^^^^^^^^^^^^^
[rank3]:   File "/lus/scratch/arigazzi/.pyenv/versions/llm4climate/lib/python3.12/site-packages/torch/nn/modules/module.py", line 1964, in __getattr__
[rank3]:     raise AttributeError(
[rank3]: AttributeError: 'DistributedDataParallel' object has no attribute 'generate'
[rank1]: Traceback (most recent call last):
[rank1]:   File "<frozen runpy>", line 198, in _run_module_as_main
[rank1]:   File "<frozen runpy>", line 88, in _run_code
[rank1]:   File "/lus/bnchlu5/arigazzi/HPE-LLM4Climate/multimodal_aifs/training/train_pipeline.py", line 571, in <module>
[rank1]:     cleanup_distributed()
[rank1]: ^^
[rank1]:   File "/lus/bnchlu5/arigazzi/HPE-LLM4Climate/multimodal_aifs/training/train_pipeline.py", line 552, in main
[rank1]:     device=args.device,
[rank1]:     ^^^^^^^^^^^^^^^^^^^^
[rank1]:   File "/lus/bnchlu5/arigazzi/HPE-LLM4Climate/multimodal_aifs/training/train_pipeline.py", line 222, in run_rl_training
[rank1]:     config=self.rl_config,
[rank1]:           ^^^^^^^^^^^^^^^
[rank1]:   File "/lus/bnchlu5/arigazzi/HPE-LLM4Climate/multimodal_aifs/training/rl_trainer.py", line 653, in train
[rank1]:     metrics = self.train_epoch()
[rank1]:               ^^^^^^^^^^^^^^^^^^
[rank1]:   File "/lus/bnchlu5/arigazzi/HPE-LLM4Climate/multimodal_aifs/training/rl_trainer.py", line 548, in train_epoch
[rank1]:     rollouts = list(self.collect_rollouts(len(self.dataloader)))
[rank1]:                ^^^^^^^^^^^^^^^^^^^^^^^^^^^^^^^^^^^^^^^^^^^^^^^^^
[rank1]:   File "/lus/bnchlu5/arigazzi/HPE-LLM4Climate/multimodal_aifs/training/rl_trainer.py", line 388, in collect_rollouts
[rank1]:     response, log_probs = self.generate_response(sample.prompt)
[rank1]:                           ^^^^^^^^^^^^^^^^^^^^^^^^^^^^^^^^^^^^^
[rank1]:   File "/lus/bnchlu5/arigazzi/HPE-LLM4Climate/multimodal_aifs/training/rl_trainer.py", line 291, in generate_response
[rank1]:     outputs = self.model.generate(
[rank1]:               ^^^^^^^^^^^^^^^^^^^
[rank1]:   File "/lus/scratch/arigazzi/.pyenv/versions/llm4climate/lib/python3.12/site-packages/torch/nn/modules/module.py", line 1964, in __getattr__
[rank1]:     raise AttributeError(
[rank1]: AttributeError: 'DistributedDataParallel' object has no attribute 'generate'
[rank5]: Traceback (most recent call last):
[rank5]:   File "<frozen runpy>", line 198, in _run_module_as_main
[rank5]:   File "<frozen runpy>", line 88, in _run_code
[rank5]:   File "/lus/bnchlu5/arigazzi/HPE-LLM4Climate/multimodal_aifs/training/train_pipeline.py", line 571, in <module>
[rank5]:     cleanup_distributed()
[rank5]: ^^
[rank5]:   File "/lus/bnchlu5/arigazzi/HPE-LLM4Climate/multimodal_aifs/training/train_pipeline.py", line 552, in main
[rank5]:     device=args.device,
[rank5]:     ^^^^^^^^^^^^^^^^^^^^
[rank5]:   File "/lus/bnchlu5/arigazzi/HPE-LLM4Climate/multimodal_aifs/training/train_pipeline.py", line 222, in run_rl_training
[rank5]:     config=self.rl_config,
[rank5]:           ^^^^^^^^^^^^^^^
[rank5]:   File "/lus/bnchlu5/arigazzi/HPE-LLM4Climate/multimodal_aifs/training/rl_trainer.py", line 653, in train
[rank5]:     metrics = self.train_epoch()
[rank5]:               ^^^^^^^^^^^^^^^^^^
[rank5]:   File "/lus/bnchlu5/arigazzi/HPE-LLM4Climate/multimodal_aifs/training/rl_trainer.py", line 548, in train_epoch
[rank5]:     rollouts = list(self.collect_rollouts(len(self.dataloader)))
[rank5]:                ^^^^^^^^^^^^^^^^^^^^^^^^^^^^^^^^^^^^^^^^^^^^^^^^^
[rank5]:   File "/lus/bnchlu5/arigazzi/HPE-LLM4Climate/multimodal_aifs/training/rl_trainer.py", line 388, in collect_rollouts
[rank5]:     response, log_probs = self.generate_response(sample.prompt)
[rank5]:                           ^^^^^^^^^^^^^^^^^^^^^^^^^^^^^^^^^^^^^
[rank5]:   File "/lus/bnchlu5/arigazzi/HPE-LLM4Climate/multimodal_aifs/training/rl_trainer.py", line 291, in generate_response
[rank5]:     outputs = self.model.generate(
[rank5]:               ^^^^^^^^^^^^^^^^^^^
[rank5]:   File "/lus/scratch/arigazzi/.pyenv/versions/llm4climate/lib/python3.12/site-packages/torch/nn/modules/module.py", line 1964, in __getattr__
[rank5]:     raise AttributeError(
[rank5]: AttributeError: 'DistributedDataParallel' object has no attribute 'generate'
[rank7]: Traceback (most recent call last):
[rank7]:   File "<frozen runpy>", line 198, in _run_module_as_main
[rank7]:   File "<frozen runpy>", line 88, in _run_code
[rank7]:   File "/lus/bnchlu5/arigazzi/HPE-LLM4Climate/multimodal_aifs/training/train_pipeline.py", line 571, in <module>
[rank7]:     cleanup_distributed()
[rank7]: ^^
[rank7]:   File "/lus/bnchlu5/arigazzi/HPE-LLM4Climate/multimodal_aifs/training/train_pipeline.py", line 552, in main
[rank7]:     device=args.device,
[rank7]:     ^^^^^^^^^^^^^^^^^^^^
[rank7]:   File "/lus/bnchlu5/arigazzi/HPE-LLM4Climate/multimodal_aifs/training/train_pipeline.py", line 222, in run_rl_training
[rank7]:     config=self.rl_config,
[rank7]:           ^^^^^^^^^^^^^^^
[rank7]:   File "/lus/bnchlu5/arigazzi/HPE-LLM4Climate/multimodal_aifs/training/rl_trainer.py", line 653, in train
[rank7]:     metrics = self.train_epoch()
[rank7]:               ^^^^^^^^^^^^^^^^^^
[rank7]:   File "/lus/bnchlu5/arigazzi/HPE-LLM4Climate/multimodal_aifs/training/rl_trainer.py", line 548, in train_epoch
[rank7]:     rollouts = list(self.collect_rollouts(len(self.dataloader)))
[rank7]:                ^^^^^^^^^^^^^^^^^^^^^^^^^^^^^^^^^^^^^^^^^^^^^^^^^
[rank7]:   File "/lus/bnchlu5/arigazzi/HPE-LLM4Climate/multimodal_aifs/training/rl_trainer.py", line 388, in collect_rollouts
[rank7]:     response, log_probs = self.generate_response(sample.prompt)
[rank7]:                           ^^^^^^^^^^^^^^^^^^^^^^^^^^^^^^^^^^^^^
[rank7]:   File "/lus/bnchlu5/arigazzi/HPE-LLM4Climate/multimodal_aifs/training/rl_trainer.py", line 291, in generate_response
[rank7]:     outputs = self.model.generate(
[rank7]:               ^^^^^^^^^^^^^^^^^^^
[rank7]:   File "/lus/scratch/arigazzi/.pyenv/versions/llm4climate/lib/python3.12/site-packages/torch/nn/modules/module.py", line 1964, in __getattr__
[rank7]:     raise AttributeError(
[rank7]: AttributeError: 'DistributedDataParallel' object has no attribute 'generate'
[rank4]: Traceback (most recent call last):
[rank4]:   File "<frozen runpy>", line 198, in _run_module_as_main
[rank4]:   File "<frozen runpy>", line 88, in _run_code
[rank4]:   File "/lus/bnchlu5/arigazzi/HPE-LLM4Climate/multimodal_aifs/training/train_pipeline.py", line 571, in <module>
[rank4]:     cleanup_distributed()
[rank4]: ^^
[rank4]:   File "/lus/bnchlu5/arigazzi/HPE-LLM4Climate/multimodal_aifs/training/train_pipeline.py", line 552, in main
[rank4]:     device=args.device,
[rank4]:     ^^^^^^^^^^^^^^^^^^^^
[rank4]:   File "/lus/bnchlu5/arigazzi/HPE-LLM4Climate/multimodal_aifs/training/train_pipeline.py", line 222, in run_rl_training
[rank4]:     config=self.rl_config,
[rank4]:           ^^^^^^^^^^^^^^^
[rank4]:   File "/lus/bnchlu5/arigazzi/HPE-LLM4Climate/multimodal_aifs/training/rl_trainer.py", line 653, in train
[rank4]:     metrics = self.train_epoch()
[rank4]:               ^^^^^^^^^^^^^^^^^^
[rank4]:   File "/lus/bnchlu5/arigazzi/HPE-LLM4Climate/multimodal_aifs/training/rl_trainer.py", line 548, in train_epoch
[rank4]:     rollouts = list(self.collect_rollouts(len(self.dataloader)))
[rank4]:                ^^^^^^^^^^^^^^^^^^^^^^^^^^^^^^^^^^^^^^^^^^^^^^^^^
[rank4]:   File "/lus/bnchlu5/arigazzi/HPE-LLM4Climate/multimodal_aifs/training/rl_trainer.py", line 388, in collect_rollouts
[rank4]:     response, log_probs = self.generate_response(sample.prompt)
[rank4]:                           ^^^^^^^^^^^^^^^^^^^^^^^^^^^^^^^^^^^^^
[rank4]:   File "/lus/bnchlu5/arigazzi/HPE-LLM4Climate/multimodal_aifs/training/rl_trainer.py", line 291, in generate_response
[rank4]:     outputs = self.model.generate(
[rank4]:               ^^^^^^^^^^^^^^^^^^^
[rank4]:   File "/lus/scratch/arigazzi/.pyenv/versions/llm4climate/lib/python3.12/site-packages/torch/nn/modules/module.py", line 1964, in __getattr__
[rank4]:     raise AttributeError(
[rank4]: AttributeError: 'DistributedDataParallel' object has no attribute 'generate'
[rank6]: Traceback (most recent call last):
[rank6]:   File "<frozen runpy>", line 198, in _run_module_as_main
[rank6]:   File "<frozen runpy>", line 88, in _run_code
[rank6]:   File "/lus/bnchlu5/arigazzi/HPE-LLM4Climate/multimodal_aifs/training/train_pipeline.py", line 571, in <module>
[rank6]:     cleanup_distributed()
[rank6]: ^^
[rank6]:   File "/lus/bnchlu5/arigazzi/HPE-LLM4Climate/multimodal_aifs/training/train_pipeline.py", line 552, in main
[rank6]:     device=args.device,
[rank6]:     ^^^^^^^^^^^^^^^^^^^^
[rank6]:   File "/lus/bnchlu5/arigazzi/HPE-LLM4Climate/multimodal_aifs/training/train_pipeline.py", line 222, in run_rl_training
[rank6]:     config=self.rl_config,
[rank6]:           ^^^^^^^^^^^^^^^
[rank6]:   File "/lus/bnchlu5/arigazzi/HPE-LLM4Climate/multimodal_aifs/training/rl_trainer.py", line 653, in train
[rank6]:     metrics = self.train_epoch()
[rank6]:               ^^^^^^^^^^^^^^^^^^
[rank6]:   File "/lus/bnchlu5/arigazzi/HPE-LLM4Climate/multimodal_aifs/training/rl_trainer.py", line 548, in train_epoch
[rank6]:     rollouts = list(self.collect_rollouts(len(self.dataloader)))
[rank6]:                ^^^^^^^^^^^^^^^^^^^^^^^^^^^^^^^^^^^^^^^^^^^^^^^^^
[rank6]:   File "/lus/bnchlu5/arigazzi/HPE-LLM4Climate/multimodal_aifs/training/rl_trainer.py", line 388, in collect_rollouts
[rank6]:     response, log_probs = self.generate_response(sample.prompt)
[rank6]:                           ^^^^^^^^^^^^^^^^^^^^^^^^^^^^^^^^^^^^^
[rank6]:   File "/lus/bnchlu5/arigazzi/HPE-LLM4Climate/multimodal_aifs/training/rl_trainer.py", line 291, in generate_response
[rank6]:     outputs = self.model.generate(
[rank6]:               ^^^^^^^^^^^^^^^^^^^
[rank6]:   File "/lus/scratch/arigazzi/.pyenv/versions/llm4climate/lib/python3.12/site-packages/torch/nn/modules/module.py", line 1964, in __getattr__
[rank6]:     raise AttributeError(
[rank6]: AttributeError: 'DistributedDataParallel' object has no attribute 'generate'
srun: error: blancapeak002: task 5: Exited with exit code 1
srun: error: blancapeak001: task 0: Exited with exit code 1
srun: error: blancapeak001: tasks 1-3: Exited with exit code 1
srun: error: blancapeak002: tasks 4,6-7: Exited with exit code 1
